2021-07-15 11:10:04,824 - gRNA_gen         - INFO - cas13gRNAtor starting!!
2021-07-15 11:10:04,824 - gRNA_gen         - INFO - gRNA scoring and prediction starting!
2021-07-15 11:10:04,825 - gRNA_gen         - INFO - Reference Length is 7389!
2021-07-15 11:16:48,461 - gRNA_gen         - INFO - gRNA scoring and prediction done!
2021-07-15 11:16:48,507 - gRNA_gen         - INFO - Building Bowtie Index for offtarget! This might take a while
2021-07-15 11:29:40,155 - gRNA_gen         - INFO - Bowtie Starting for offtarget!
2021-07-15 11:29:46,337 - gRNA_gen         - INFO - Bowtie Done for offtarget!
2021-07-15 11:29:46,473 - gRNA_gen         - INFO - Will Calculate Conservation and Entropy Score
2021-07-15 11:29:49,873 - gRNA_gen         - INFO - Will find reference gRNAs in the consensus sequence
2021-07-15 11:32:35,906 - gRNA_gen         - INFO - Building Bowtie Index for conservation! This might take a while
2021-07-15 11:32:46,166 - gRNA_gen         - INFO - Bowtie Starting for conservation!
2021-07-15 11:32:52,025 - gRNA_gen         - INFO - Bowtie Done for conservation!
2021-07-15 11:35:59,567 - gRNA_gen         - INFO - Temporary files removed!
2021-07-15 11:35:59,567 - gRNA_gen         - INFO - cas13gRNAtor has Ended in 1554.743 seconds!
